// Jest Snapshot v1, https://goo.gl/fbAQLP

exports[`City renders correctly 1`] = `
<div
  className="city"
>
  <div
    className="city-inner"
    style={
      Object {
        "backgroundImage": "url(/images/11.jpg)",
      }
    }
  >
    <div
      className="city-canvas"
    >
      <div
        style={
          Object {
            "textAlign": "right",
          }
        }
      >
        <a
          className="is-light has-text-white"
          href="https://maps.google.com/?q=55.75222,37.61556"
          target="_blank"
        >
          <span
            className="icon is-small  mr4"
          >
            <i
              className="fas fa-map"
            />
          </span>
          Open map
        </a>
      </div>
      <div
        className="header"
      >
        Moscow
      </div>
      <div
        style={
          Object {
            "textAlign": "center",
          }
        }
      >
        
      </div>
      <div
        className="column"
      >
        <div>
          Temperature: 
          N/A
          °C, feels like
           
          N/A
          °C
        </div>
        <div>
          Himidity: 
          %
        </div>
        <div>
          Pressure: 
          N/A
          mmHg
        </div>
        <div>
          Wind: 
          N/A
          m/s 
          N/A
        </div>
        <div>
          Local time: 
          N/A
        </div>
      </div>
    </div>
    <div
      className="removeControl"
    >
      <a
        className="button is-small is-danger is-outlined"
        onClick={[Function]}
      >
        Delete city
      </a>
    </div>
  </div>
</div>
`;
